// Jest Snapshot v1, https://goo.gl/fbAQLP

exports[`App is matched in the previos snapshots 1`] = `<router-view-stub />`;
