// Jest Snapshot v1, https://goo.gl/fbAQLP

exports[`Component is a Vue instance 1`] = `
<div>
  <h1>
    Count: 0
  </h1>
   
  <button
    jest="increment-button"
  >
    +1
  </button>
</div>
`;
